[2025-05-01 23:37:33] ERROR: Ошибка получения данных пользователя
[2025-05-01 23:37:37] INFO: Вход выполнен
[2025-05-01 23:37:37] INFO: Текущий пользователь получен: ID 57, email admin@admin
[2025-05-01 23:37:37] INFO: Текущий пользователь получен: ID 57, email admin@admin
[2025-05-02 14:35:43] INFO: Выход выполнен
[2025-05-02 14:35:44] INFO: Выход выполнен
[2025-05-02 14:35:44] INFO: Выход выполнен
[2025-05-02 14:35:47] INFO: Выход выполнен
[2025-05-02 14:35:48] INFO: Выход выполнен
[2025-07-13 22:38:44] ERROR: Ошибка получения данных пользователя
[2025-07-13 22:39:11] INFO: Вход выполнен
[2025-07-13 22:39:11] INFO: Текущий пользователь получен: ID 57, email admin@admin
[2025-07-13 22:39:11] INFO: Текущий пользователь получен: ID 57, email admin@admin
[2025-07-13 22:39:17] INFO: Текущий пользователь получен: ID 57, email admin@admin
[2025-07-13 22:39:18] INFO: Выход выполнен
[2025-07-13 22:39:26] INFO: Пользователь зарегистрирован: u1@u1
[2025-07-13 22:39:26] INFO: Файлы не найдены для пользователя ID: 73
[2025-07-13 22:39:26] INFO: Текущий пользователь получен: ID 73, email u1@u1
[2025-07-13 22:39:32] INFO: Выход выполнен
[2025-07-13 22:53:53] INFO: Вход выполнен
[2025-07-13 22:53:53] INFO: Текущий пользователь получен: ID 73, email u1@u1
[2025-07-13 22:53:53] INFO: Текущий пользователь получен: ID 73, email u1@u1
[2025-07-13 22:53:53] INFO: Файлы не найдены для пользователя ID: 73
[2025-07-13 22:54:07] INFO: Файл 'Снимок экрана 2024-05-10 184617.png' успешно загружен пользователем ID 73
[2025-07-13 22:54:07] INFO: Файлы успешно получены для пользователя ID: 73
[2025-07-13 22:54:10] INFO: Текущий пользователь получен: ID 73, email u1@u1
[2025-07-13 22:54:10] INFO: Файлы успешно получены для пользователя ID: 73
[2025-07-13 22:54:11] INFO: Запрос на скачивание файла с ID 59. MIME тип: image/png
[2025-07-13 22:54:11] INFO: Файл с ID 59 успешно скачан пользователем 73
[2025-07-13 22:54:13] INFO: Текущий пользователь получен: ID 73, email u1@u1
[2025-07-13 22:54:13] INFO: Файлы успешно получены для пользователя ID: 73
